2026-08-05 11:47:58.134 [INFO] Temp file cleanup script started.
2026-08-05 11:47:58.134 [INFO] Mode: Rollback
2026-08-05 11:47:58.134 [INFO] DaysOld cutoff: 0
2026-08-05 11:47:58.134 [INFO] Target paths: C:\Users\labuser\AppData\Local\Temp, C:\Windows\Temp
2026-08-05 11:47:58.134 [INFO] Log file: C:\Users\labuser\Documents\training\Day3\TempCleanupLogs\TempCleanup_20260805_114758118.log
2026-08-05 11:47:58.149 [INFO] Using rollback manifest: C:\Users\labuser\Documents\training\Day3\TempCleanupLogs\State\20260805_114051907\rollback-manifest.json
2026-08-05 11:47:58.229 [SUCCESS] Restored file: C:\Users\labuser\AppData\Local\Temp\2\exthost-75b90d.cpuprofile
2026-08-05 11:47:58.244 [SUCCESS] Restored file: C:\Users\labuser\AppData\Local\Temp\2\f96a9679-b084-4717-a8c4-0a7632915fa2.tmp
2026-08-05 11:47:58.244 [SUCCESS] Restored file: C:\Users\labuser\AppData\Local\Temp\2\gen_py\3.9\dicts.dat
2026-08-05 11:47:58.244 [SUCCESS] Restored file: C:\Users\labuser\AppData\Local\Temp\2\gen_py\3.9\__init__.py
2026-08-05 11:47:58.256 [SUCCESS] Restored file: C:\Windows\Temp\bb3a785178f443fda931098a5a9a306b.db.ses
2026-08-05 11:47:58.260 [SUCCESS] Restored file: C:\Windows\Temp\MpCmdRun.log
2026-08-05 11:47:58.260 [SUCCESS] Restored file: C:\Windows\Temp\MpSigStub.log
2026-08-05 11:47:58.260 [SUCCESS] Restored file: C:\Windows\Temp\silconfig.log
2026-08-05 11:47:58.276 [SUCCESS] Restored file: C:\Windows\Temp\_env.cmd
2026-08-05 11:47:58.276 [SUCCESS] Restored file: C:\Windows\Temp\chocolatey\activitywatch\0.13.2\activitywatch-v0.13.2-windows-x86_64.zip
2026-08-05 11:47:58.276 [SUCCESS] Restored file: C:\Windows\Temp\chocolatey\chocoInstall\chocolatey.nuspec
2026-08-05 11:47:58.288 [SUCCESS] Restored file: C:\Windows\Temp\chocolatey\chocoInstall\chocolatey.zip
2026-08-05 11:47:58.292 [SUCCESS] Restored file: C:\Windows\Temp\chocolatey\chocoInstall\[Content_Types].xml
2026-08-05 11:47:58.292 [SUCCESS] Restored file: C:\Windows\Temp\chocolatey\chocoInstall\package\services\metadata\core-properties\5ad4dc75cc79452d8e7e738cb4a3286e.psmdcp
2026-08-05 11:47:58.308 [SUCCESS] Restored file: C:\Windows\Temp\chocolatey\chocoInstall\tools\chocolateyInstall.ps1
2026-08-05 11:47:58.308 [SUCCESS] Restored file: C:\Windows\Temp\chocolatey\chocoInstall\tools\chocolateysetup.psm1
2026-08-05 11:47:58.319 [SUCCESS] Restored file: C:\Windows\Temp\chocolatey\chocoInstall\tools\init.ps1
2026-08-05 11:47:58.324 [SUCCESS] Restored file: C:\Windows\Temp\chocolatey\chocoInstall\tools\VERIFICATION.txt
2026-08-05 11:47:58.450 [SUCCESS] Restored file: C:\Windows\Temp\chocolatey\chocoInstall\tools\chocolateyInstall\choco.exe
2026-08-05 11:47:58.450 [SUCCESS] Restored file: C:\Windows\Temp\chocolatey\chocoInstall\tools\chocolateyInstall\choco.exe.ignore
2026-08-05 11:47:58.450 [SUCCESS] Restored file: C:\Windows\Temp\chocolatey\chocoInstall\tools\chocolateyInstall\choco.exe.manifest
2026-08-05 11:47:58.466 [SUCCESS] Restored file: C:\Windows\Temp\chocolatey\chocoInstall\tools\chocolateyInstall\CREDITS.txt
2026-08-05 11:47:58.466 [SUCCESS] Restored file: C:\Windows\Temp\chocolatey\chocoInstall\tools\chocolateyInstall\LICENSE.txt
2026-08-05 11:47:58.475 [SUCCESS] Restored file: C:\Windows\Temp\chocolatey\chocoInstall\tools\chocolateyInstall\helpers\chocolateyInstaller.psm1
2026-08-05 11:47:58.482 [SUCCESS] Restored file: C:\Windows\Temp\chocolatey\chocoInstall\tools\chocolateyInstall\helpers\chocolateyProfile.psm1
2026-08-05 11:47:58.482 [SUCCESS] Restored file: C:\Windows\Temp\chocolatey\chocoInstall\tools\chocolateyInstall\helpers\chocolateyScriptRunner.ps1
2026-08-05 11:47:58.482 [SUCCESS] Restored file: C:\Windows\Temp\chocolatey\chocoInstall\tools\chocolateyInstall\helpers\ChocolateyTabExpansion.ps1
2026-08-05 11:47:58.498 [SUCCESS] Restored file: C:\Windows\Temp\chocolatey\chocoInstall\tools\chocolateyInstall\helpers\functions\Format-FileSize.ps1
2026-08-05 11:47:58.506 [SUCCESS] Restored file: C:\Windows\Temp\chocolatey\chocoInstall\tools\chocolateyInstall\helpers\functions\Get-CheckSumValid.ps1
2026-08-05 11:47:58.506 [SUCCESS] Restored file: C:\Windows\Temp\chocolatey\chocoInstall\tools\chocolateyInstall\helpers\functions\Get-ChocolateyPath.ps1
2026-08-05 11:47:58.514 [SUCCESS] Restored file: C:\Windows\Temp\chocolatey\chocoInstall\tools\chocolateyInstall\helpers\functions\Get-ChocolateyUnzip.ps1
2026-08-05 11:47:58.514 [SUCCESS] Restored file: C:\Windows\Temp\chocolatey\chocoInstall\tools\chocolateyInstall\helpers\functions\Get-ChocolateyWebFile.ps1
2026-08-05 11:47:58.529 [SUCCESS] Restored file: C:\Windows\Temp\chocolatey\chocoInstall\tools\chocolateyInstall\helpers\functions\Get-EnvironmentVariable.ps1
2026-08-05 11:47:58.537 [SUCCESS] Restored file: C:\Windows\Temp\chocolatey\chocoInstall\tools\chocolateyInstall\helpers\functions\Get-EnvironmentVariableNames.ps1
2026-08-05 11:47:58.545 [SUCCESS] Restored file: C:\Windows\Temp\chocolatey\chocoInstall\tools\chocolateyInstall\helpers\functions\Get-FtpFile.ps1
2026-08-05 11:47:58.545 [SUCCESS] Restored file: C:\Windows\Temp\chocolatey\chocoInstall\tools\chocolateyInstall\helpers\functions\Get-OSArchitectureWidth.ps1
2026-08-05 11:47:58.545 [SUCCESS] Restored file: C:\Windows\Temp\chocolatey\chocoInstall\tools\chocolateyInstall\helpers\functions\Get-PackageParameters.ps1
2026-08-05 11:47:58.561 [SUCCESS] Restored file: C:\Windows\Temp\chocolatey\chocoInstall\tools\chocolateyInstall\helpers\functions\Get-ToolsLocation.ps1
2026-08-05 11:47:58.569 [SUCCESS] Restored file: C:\Windows\Temp\chocolatey\chocoInstall\tools\chocolateyInstall\helpers\functions\Get-UACEnabled.ps1
2026-08-05 11:47:58.577 [SUCCESS] Restored file: C:\Windows\Temp\chocolatey\chocoInstall\tools\chocolateyInstall\helpers\functions\Get-UninstallRegistryKey.ps1
2026-08-05 11:47:58.593 [SUCCESS] Restored file: C:\Windows\Temp\chocolatey\chocoInstall\tools\chocolateyInstall\helpers\functions\Get-VirusCheckValid.ps1
2026-08-05 11:47:58.600 [SUCCESS] Restored file: C:\Windows\Temp\chocolatey\chocoInstall\tools\chocolateyInstall\helpers\functions\Get-WebFile.ps1
2026-08-05 11:47:58.609 [SUCCESS] Restored file: C:\Windows\Temp\chocolatey\chocoInstall\tools\chocolateyInstall\helpers\functions\Get-WebFileName.ps1
2026-08-05 11:47:58.609 [SUCCESS] Restored file: C:\Windows\Temp\chocolatey\chocoInstall\tools\chocolateyInstall\helpers\functions\Get-WebHeaders.ps1
2026-08-05 11:47:58.609 [SUCCESS] Restored file: C:\Windows\Temp\chocolatey\chocoInstall\tools\chocolateyInstall\helpers\functions\Install-BinFile.ps1
2026-08-05 11:47:58.624 [SUCCESS] Restored file: C:\Windows\Temp\chocolatey\chocoInstall\tools\chocolateyInstall\helpers\functions\Install-ChocolateyEnvironmentVariable.ps1
2026-08-05 11:47:58.631 [SUCCESS] Restored file: C:\Windows\Temp\chocolatey\chocoInstall\tools\chocolateyInstall\helpers\functions\Install-ChocolateyExplorerMenuItem.ps1
2026-08-05 11:47:58.640 [SUCCESS] Restored file: C:\Windows\Temp\chocolatey\chocoInstall\tools\chocolateyInstall\helpers\functions\Install-ChocolateyFileAssociation.ps1
2026-08-05 11:47:58.640 [SUCCESS] Restored file: C:\Windows\Temp\chocolatey\chocoInstall\tools\chocolateyInstall\helpers\functions\Install-ChocolateyInstallPackage.ps1
2026-08-05 11:47:58.656 [SUCCESS] Restored file: C:\Windows\Temp\chocolatey\chocoInstall\tools\chocolateyInstall\helpers\functions\Install-ChocolateyPackage.ps1
2026-08-05 11:47:58.663 [SUCCESS] Restored file: C:\Windows\Temp\chocolatey\chocoInstall\tools\chocolateyInstall\helpers\functions\Install-ChocolateyPath.ps1
2026-08-05 11:47:58.672 [SUCCESS] Restored file: C:\Windows\Temp\chocolatey\chocoInstall\tools\chocolateyInstall\helpers\functions\Install-ChocolateyPinnedTaskBarItem.ps1
2026-08-05 11:47:58.672 [SUCCESS] Restored file: C:\Windows\Temp\chocolatey\chocoInstall\tools\chocolateyInstall\helpers\functions\Install-ChocolateyPowershellCommand.ps1
2026-08-05 11:47:58.688 [SUCCESS] Restored file: C:\Windows\Temp\chocolatey\chocoInstall\tools\chocolateyInstall\helpers\functions\Install-ChocolateyShortcut.ps1
2026-08-05 11:47:58.694 [SUCCESS] Restored file: C:\Windows\Temp\chocolatey\chocoInstall\tools\chocolateyInstall\helpers\functions\Install-ChocolateyVsixPackage.ps1
2026-08-05 11:47:58.704 [SUCCESS] Restored file: C:\Windows\Temp\chocolatey\chocoInstall\tools\chocolateyInstall\helpers\functions\Install-ChocolateyZipPackage.ps1
2026-08-05 11:47:58.704 [SUCCESS] Restored file: C:\Windows\Temp\chocolatey\chocoInstall\tools\chocolateyInstall\helpers\functions\Install-Vsix.ps1
2026-08-05 11:47:58.704 [SUCCESS] Restored file: C:\Windows\Temp\chocolatey\chocoInstall\tools\chocolateyInstall\helpers\functions\Set-EnvironmentVariable.ps1
2026-08-05 11:47:58.740 [SUCCESS] Restored file: C:\Windows\Temp\chocolatey\chocoInstall\tools\chocolateyInstall\helpers\functions\Set-PowerShellExitCode.ps1
2026-08-05 11:47:58.751 [SUCCESS] Restored file: C:\Windows\Temp\chocolatey\chocoInstall\tools\chocolateyInstall\helpers\functions\Start-ChocolateyProcessAsAdmin.ps1
2026-08-05 11:47:58.762 [SUCCESS] Restored file: C:\Windows\Temp\chocolatey\chocoInstall\tools\chocolateyInstall\helpers\functions\Test-ProcessAdminRights.ps1
2026-08-05 11:47:58.772 [SUCCESS] Restored file: C:\Windows\Temp\chocolatey\chocoInstall\tools\chocolateyInstall\helpers\functions\Uninstall-BinFile.ps1
2026-08-05 11:47:58.782 [SUCCESS] Restored file: C:\Windows\Temp\chocolatey\chocoInstall\tools\chocolateyInstall\helpers\functions\Uninstall-ChocolateyEnvironmentVariable.ps1
2026-08-05 11:47:58.797 [SUCCESS] Restored file: C:\Windows\Temp\chocolatey\chocoInstall\tools\chocolateyInstall\helpers\functions\Uninstall-ChocolateyPackage.ps1
2026-08-05 11:47:58.806 [SUCCESS] Restored file: C:\Windows\Temp\chocolatey\chocoInstall\tools\chocolateyInstall\helpers\functions\UnInstall-ChocolateyZipPackage.ps1
2026-08-05 11:47:58.813 [SUCCESS] Restored file: C:\Windows\Temp\chocolatey\chocoInstall\tools\chocolateyInstall\helpers\functions\Update-SessionEnvironment.ps1
2026-08-05 11:47:58.818 [SUCCESS] Restored file: C:\Windows\Temp\chocolatey\chocoInstall\tools\chocolateyInstall\helpers\functions\Write-FunctionCallLogMessage.ps1
2026-08-05 11:47:58.827 [SUCCESS] Restored file: C:\Windows\Temp\chocolatey\chocoInstall\tools\chocolateyInstall\redirects\choco.exe
2026-08-05 11:47:58.832 [SUCCESS] Restored file: C:\Windows\Temp\chocolatey\chocoInstall\tools\chocolateyInstall\redirects\choco.exe.ignore
2026-08-05 11:47:58.837 [SUCCESS] Restored file: C:\Windows\Temp\chocolatey\chocoInstall\tools\chocolateyInstall\redirects\chocolatey.exe
2026-08-05 11:47:58.841 [SUCCESS] Restored file: C:\Windows\Temp\chocolatey\chocoInstall\tools\chocolateyInstall\redirects\chocolatey.exe.ignore
2026-08-05 11:47:58.846 [SUCCESS] Restored file: C:\Windows\Temp\chocolatey\chocoInstall\tools\chocolateyInstall\redirects\cinst.exe
2026-08-05 11:47:58.851 [SUCCESS] Restored file: C:\Windows\Temp\chocolatey\chocoInstall\tools\chocolateyInstall\redirects\cinst.exe.ignore
2026-08-05 11:47:58.855 [SUCCESS] Restored file: C:\Windows\Temp\chocolatey\chocoInstall\tools\chocolateyInstall\redirects\clist.exe
2026-08-05 11:47:58.861 [SUCCESS] Restored file: C:\Windows\Temp\chocolatey\chocoInstall\tools\chocolateyInstall\redirects\clist.exe.ignore
2026-08-05 11:47:58.868 [SUCCESS] Restored file: C:\Windows\Temp\chocolatey\chocoInstall\tools\chocolateyInstall\redirects\cpush.exe
2026-08-05 11:47:58.873 [SUCCESS] Restored file: C:\Windows\Temp\chocolatey\chocoInstall\tools\chocolateyInstall\redirects\cpush.exe.ignore
2026-08-05 11:47:58.878 [SUCCESS] Restored file: C:\Windows\Temp\chocolatey\chocoInstall\tools\chocolateyInstall\redirects\cuninst.exe
2026-08-05 11:47:58.883 [SUCCESS] Restored file: C:\Windows\Temp\chocolatey\chocoInstall\tools\chocolateyInstall\redirects\cuninst.exe.ignore
2026-08-05 11:47:58.883 [SUCCESS] Restored file: C:\Windows\Temp\chocolatey\chocoInstall\tools\chocolateyInstall\redirects\cup.exe
2026-08-05 11:47:58.883 [SUCCESS] Restored file: C:\Windows\Temp\chocolatey\chocoInstall\tools\chocolateyInstall\redirects\cup.exe.ignore
2026-08-05 11:47:58.883 [SUCCESS] Restored file: C:\Windows\Temp\chocolatey\chocoInstall\tools\chocolateyInstall\redirects\RefreshEnv.cmd
2026-08-05 11:47:58.898 [SUCCESS] Restored file: C:\Windows\Temp\chocolatey\chocoInstall\tools\chocolateyInstall\tools\7z.dll
2026-08-05 11:47:58.898 [SUCCESS] Restored file: C:\Windows\Temp\chocolatey\chocoInstall\tools\chocolateyInstall\tools\7z.dll.manifest
2026-08-05 11:47:58.914 [SUCCESS] Restored file: C:\Windows\Temp\chocolatey\chocoInstall\tools\chocolateyInstall\tools\7z.exe
2026-08-05 11:47:58.914 [SUCCESS] Restored file: C:\Windows\Temp\chocolatey\chocoInstall\tools\chocolateyInstall\tools\7z.exe.ignore
2026-08-05 11:47:58.914 [SUCCESS] Restored file: C:\Windows\Temp\chocolatey\chocoInstall\tools\chocolateyInstall\tools\7z.exe.manifest
2026-08-05 11:47:58.930 [SUCCESS] Restored file: C:\Windows\Temp\chocolatey\chocoInstall\tools\chocolateyInstall\tools\7zip.license.txt
2026-08-05 11:47:58.930 [SUCCESS] Restored file: C:\Windows\Temp\chocolatey\chocoInstall\tools\chocolateyInstall\tools\checksum.exe
2026-08-05 11:47:58.930 [SUCCESS] Restored file: C:\Windows\Temp\chocolatey\chocoInstall\tools\chocolateyInstall\tools\checksum.exe.config
2026-08-05 11:47:58.944 [SUCCESS] Restored file: C:\Windows\Temp\chocolatey\chocoInstall\tools\chocolateyInstall\tools\checksum.exe.ignore
2026-08-05 11:47:58.946 [SUCCESS] Restored file: C:\Windows\Temp\chocolatey\chocoInstall\tools\chocolateyInstall\tools\checksum.license.txt
2026-08-05 11:47:58.946 [SUCCESS] Restored file: C:\Windows\Temp\chocolatey\chocoInstall\tools\chocolateyInstall\tools\shimgen.exe
2026-08-05 11:47:58.946 [SUCCESS] Restored file: C:\Windows\Temp\chocolatey\chocoInstall\tools\chocolateyInstall\tools\shimgen.exe.ignore
2026-08-05 11:47:58.962 [SUCCESS] Restored file: C:\Windows\Temp\chocolatey\chocoInstall\tools\chocolateyInstall\tools\shimgen.license.txt
2026-08-05 11:47:58.962 [SUCCESS] Restored file: C:\Windows\Temp\chocolatey\chocoInstall\_rels\.rels
2026-08-05 11:47:58.962 [SUCCESS] Restored file: C:\Windows\Temp\chocolatey\vscode.install\1.131.0\install.log
2026-08-05 11:47:58.978 [SUCCESS] Restored file: C:\Windows\Temp\chocolatey\vscode.install\1.131.0\VSCodeSetup-x64-1.131.0.exe
2026-08-05 11:47:58.978 [INFO] Cleanup run complete.
2026-08-05 11:47:58.978 [INFO] Scanned items: 98
2026-08-05 11:47:58.978 [INFO] Eligible items: 0
2026-08-05 11:47:58.978 [INFO] Files deleted or restored: 98
2026-08-05 11:47:58.978 [INFO] Locked or in-use items skipped: 0
2026-08-05 11:47:58.978 [INFO] Missing or unavailable items skipped: 0
2026-08-05 11:47:58.978 [INFO] Errors: 0
